Archive member included to satisfy reference by file (symbol)

.\CortexM3\ARM_GCC_541\Debug\Test01.a(CyLib.o)
                              .\CortexM3\ARM_GCC_541\Debug\Cm3Start.o (CyHalt)
.\CortexM3\ARM_GCC_541\Debug\Test01.a(cyPm.o)
                              .\CortexM3\ARM_GCC_541\Debug\Test01.a(CyLib.o) (CyPmReadStatus)
.\CortexM3\ARM_GCC_541\Debug\Test01.a(Counter_1.o)
                              .\CortexM3\ARM_GCC_541\Debug\UltrasonicSensor.o (Counter_1_ReadCounter)
.\CortexM3\ARM_GCC_541\Debug\Test01.a(Falling_ISR.o)
                              .\CortexM3\ARM_GCC_541\Debug\UltrasonicSensor.o (Falling_ISR_StartEx)
.\CortexM3\ARM_GCC_541\Debug\Test01.a(Echo.o)
                              .\CortexM3\ARM_GCC_541\Debug\UltrasonicSensor.o (Echo_ClearInterrupt)
.\CortexM3\ARM_GCC_541\Debug\Test01.a(Trig.o)
                              .\CortexM3\ARM_GCC_541\Debug\UltrasonicSensor.o (Trig_Write)
.\CortexM3\ARM_GCC_541\Debug\Test01.a(UART_1.o)
                              .\CortexM3\ARM_GCC_541\Debug\main.o (UART_1_Start)
.\CortexM3\ARM_GCC_541\Debug\Test01.a(UART_1_IntClock.o)
                              .\CortexM3\ARM_GCC_541\Debug\Test01.a(UART_1.o) (UART_1_IntClock_Start)
.\CortexM3\ARM_GCC_541\Debug\Test01.a(CyBootAsmGnu.o)
                              .\CortexM3\ARM_GCC_541\Debug\cyfitter_cfg.o (CyDelayCycles)
.\CortexM3\ARM_GCC_541\Debug\Test01.a(CyFlash.o)
                              .\CortexM3\ARM_GCC_541\Debug\Test01.a(cyPm.o) (CyFlash_SetWaitCycles)
.\CortexM3\ARM_GCC_541\Debug\Test01.a(CySpc.o)
                              .\CortexM3\ARM_GCC_541\Debug\Test01.a(CyFlash.o) (CySpcStart)
e:/programs/cypress/psoc creator/4.2/psoc creator/import/gnu/arm/5.4.1/bin/../lib/gcc/arm-none-eabi/5.4.1/armv7-m\libgcc.a(_arm_addsubdf3.o)
                              .\CortexM3\ARM_GCC_541\Debug\UltrasonicSensor.o (__aeabi_dadd)
e:/programs/cypress/psoc creator/4.2/psoc creator/import/gnu/arm/5.4.1/bin/../lib/gcc/arm-none-eabi/5.4.1/armv7-m\libgcc.a(_arm_muldivdf3.o)
                              .\CortexM3\ARM_GCC_541\Debug\UltrasonicSensor.o (__aeabi_ddiv)
e:/programs/cypress/psoc creator/4.2/psoc creator/import/gnu/arm/5.4.1/bin/../lib/gcc/arm-none-eabi/5.4.1/armv7-m\libgcc.a(_arm_truncdfsf2.o)
                              .\CortexM3\ARM_GCC_541\Debug\UltrasonicSensor.o (__aeabi_d2f)
e:/programs/cypress/psoc creator/4.2/psoc creator/import/gnu/arm/5.4.1/bin/../lib/gcc/arm-none-eabi/5.4.1/armv7-m\libgcc.a(_arm_addsubsf3.o)
                              .\CortexM3\ARM_GCC_541\Debug\UltrasonicSensor.o (__aeabi_i2f)
e:/programs/cypress/psoc creator/4.2/psoc creator/import/gnu/arm/5.4.1/bin/../lib/gcc/arm-none-eabi/5.4.1/armv7-m\libgcc.a(_arm_muldivsf3.o)
                              .\CortexM3\ARM_GCC_541\Debug\UltrasonicSensor.o (__aeabi_fdiv)
e:/programs/cypress/psoc creator/4.2/psoc creator/import/gnu/arm/5.4.1/bin/../lib/gcc/arm-none-eabi/5.4.1/../../../../arm-none-eabi/lib/armv7-m\libg_nano.a(lib_a-errno.o)
                              .\CortexM3\ARM_GCC_541\Debug\Cm3Start.o (__errno)
e:/programs/cypress/psoc creator/4.2/psoc creator/import/gnu/arm/5.4.1/bin/../lib/gcc/arm-none-eabi/5.4.1/../../../../arm-none-eabi/lib/armv7-m\libg_nano.a(lib_a-exit.o)
                              e:/programs/cypress/psoc creator/4.2/psoc creator/import/gnu/arm/5.4.1/bin/../lib/gcc/arm-none-eabi/5.4.1/../../../../arm-none-eabi/lib/armv7-m/crt0.o (exit)
e:/programs/cypress/psoc creator/4.2/psoc creator/import/gnu/arm/5.4.1/bin/../lib/gcc/arm-none-eabi/5.4.1/../../../../arm-none-eabi/lib/armv7-m\libg_nano.a(lib_a-impure.o)
                              e:/programs/cypress/psoc creator/4.2/psoc creator/import/gnu/arm/5.4.1/bin/../lib/gcc/arm-none-eabi/5.4.1/../../../../arm-none-eabi/lib/armv7-m\libg_nano.a(lib_a-exit.o) (_global_impure_ptr)
e:/programs/cypress/psoc creator/4.2/psoc creator/import/gnu/arm/5.4.1/bin/../lib/gcc/arm-none-eabi/5.4.1/../../../../arm-none-eabi/lib/armv7-m\libg_nano.a(lib_a-init.o)
                              e:/programs/cypress/psoc creator/4.2/psoc creator/import/gnu/arm/5.4.1/bin/../lib/gcc/arm-none-eabi/5.4.1/../../../../arm-none-eabi/lib/armv7-m/crt0.o (__libc_init_array)
e:/programs/cypress/psoc creator/4.2/psoc creator/import/gnu/arm/5.4.1/bin/../lib/gcc/arm-none-eabi/5.4.1/../../../../arm-none-eabi/lib/armv7-m\libg_nano.a(lib_a-memcpy-stub.o)
                              .\CortexM3\ARM_GCC_541\Debug\cyfitter_cfg.o (memcpy)
e:/programs/cypress/psoc creator/4.2/psoc creator/import/gnu/arm/5.4.1/bin/../lib/gcc/arm-none-eabi/5.4.1/../../../../arm-none-eabi/lib/armv7-m\libg_nano.a(lib_a-memset.o)
                              e:/programs/cypress/psoc creator/4.2/psoc creator/import/gnu/arm/5.4.1/bin/../lib/gcc/arm-none-eabi/5.4.1/../../../../arm-none-eabi/lib/armv7-m/crt0.o (memset)
e:/programs/cypress/psoc creator/4.2/psoc creator/import/gnu/arm/5.4.1/bin/../lib/gcc/arm-none-eabi/5.4.1/../../../../arm-none-eabi/lib/armv7-m\libg_nano.a(lib_a-nano-vfprintf_float.o)
[...]
Memory Configuration

Name             Origin             Length             Attributes
rom              0x00000000         0x00040000         xr
ram              0x1fff8000         0x00010000         xrw
*default*        0x00000000         0xffffffff

Linker script and memory map

LOAD e:/programs/cypress/psoc creator/4.2/psoc creator/import/gnu/arm/5.4.1/bin/../lib/gcc/arm-none-eabi/5.4.1/armv7-m/crti.o
LOAD e:/programs/cypress/psoc creator/4.2/psoc creator/import/gnu/arm/5.4.1/bin/../lib/gcc/arm-none-eabi/5.4.1/armv7-m/crtbegin.o
LOAD e:/programs/cypress/psoc creator/4.2/psoc creator/import/gnu/arm/5.4.1/bin/../lib/gcc/arm-none-eabi/5.4.1/../../../../arm-none-eabi/lib/armv7-m/crt0.o
START GROUP
LOAD .\CortexM3\ARM_GCC_541\Debug\main.o
LOAD .\CortexM3\ARM_GCC_541\Debug\UltrasonicSensor.o
LOAD .\CortexM3\ARM_GCC_541\Debug\cyfitter_cfg.o
LOAD .\CortexM3\ARM_GCC_541\Debug\cymetadata.o
LOAD .\CortexM3\ARM_GCC_541\Debug\Cm3Start.o
LOAD .\CortexM3\ARM_GCC_541\Debug\Test01.a
LOAD E:\Programs\Cypress\PSoC Creator\4.2\PSoC Creator\psoc\content\cycomponentlibrary\CyComponentLibrary.cylib\CortexM3\ARM_GCC_541\Debug\CyComponentLibrary.a
END GROUP
START GROUP
LOAD e:/programs/cypress/psoc creator/4.2/psoc creator/import/gnu/arm/5.4.1/bin/../lib/gcc/arm-none-eabi/5.4.1/armv7-m\libgcc.a
LOAD e:/programs/cypress/psoc creator/4.2/psoc creator/import/gnu/arm/5.4.1/bin/../lib/gcc/arm-none-eabi/5.4.1/../../../../arm-none-eabi/lib/armv7-m\libg_nano.a
LOAD e:/programs/cypress/psoc creator/4.2/psoc creator/import/gnu/arm/5.4.1/bin/../lib/gcc/arm-none-eabi/5.4.1/../../../../arm-none-eabi/lib/armv7-m\libc_nano.a
END GROUP
START GROUP
LOAD e:/programs/cypress/psoc creator/4.2/psoc creator/import/gnu/arm/5.4.1/bin/../lib/gcc/arm-none-eabi/5.4.1/armv7-m\libgcc.a
LOAD e:/programs/cypress/psoc creator/4.2/psoc creator/import/gnu/arm/5.4.1/bin/../lib/gcc/arm-none-eabi/5.4.1/../../../../arm-none-eabi/lib/armv7-m\libc_nano.a
END GROUP
LOAD e:/programs/cypress/psoc creator/4.2/psoc creator/import/gnu/arm/5.4.1/bin/../lib/gcc/arm-none-eabi/5.4.1/armv7-m/crtend.o
LOAD e:/programs/cypress/psoc creator/4.2/psoc creator/import/gnu/arm/5.4.1/bin/../lib/gcc/arm-none-eabi/5.4.1/armv7-m/crtn.o
START GROUP
LOAD e:/programs/cypress/psoc creator/4.2/psoc creator/import/gnu/arm/5.4.1/bin/../lib/gcc/arm-none-eabi/5.4.1/armv7-m\libgcc.a
LOAD e:/programs/cypress/psoc creator/4.2/psoc creator/import/gnu/arm/5.4.1/bin/../lib/gcc/arm-none-eabi/5.4.1/../../../../arm-none-eabi/lib/armv7-m\libc.a
LOAD e:/programs/cypress/psoc creator/4.2/psoc creator/import/gnu/arm/5.4.1/bin/../lib/gcc/arm-none-eabi/5.4.1/../../../../arm-none-eabi/lib/armv7-m\libnosys.a
END GROUP
                0x00000000                CY_APPL_ORIGIN = 0x0
                0x00000100                CY_FLASH_ROW_SIZE = 0x100
                0x00000020                CY_ECC_ROW_SIZE = 0x20
                0x00000000                CY_EE_IN_BTLDR = 0x0
                0x00000000                CY_APPL_LOADABLE = 0x0
                0x00000800                CY_EE_SIZE = 0x800
                0x00000001                CY_APPL_NUM = 0x1
                0x00000001                CY_APPL_MAX = 0x1
                0x00000040                CY_METADATA_SIZE = 0x40
                0x00000000                CY_APPL_LOADABLE = 0x0
                0x00000000                CY_CHECKSUM_EXCLUDE_SIZE = ALIGN (0x0, CY_FLASH_ROW_SIZE)
                [!provide]                PROVIDE (__cy_heap_start, _end)
                0x00000001                PROVIDE (__cy_region_num, ((__cy_regions_end - __cy_regions) / 0x10))
                0x20008000                PROVIDE (__cy_stack, (ORIGIN (ram) + LENGTH (ram)))
                [!provide]                PROVIDE (__cy_heap_end, (__cy_stack - 0x800))

.cybootloader   0x00000000        0x0
 *(.cybootloader)
                0x00000000                appl1_start = CY_APPL_ORIGIN?CY_APPL_ORIGIN:ALIGN (CY_FLASH_ROW_SIZE)
                0x0001ff00                appl2_start = (appl1_start + ALIGN ((((LENGTH (rom) - appl1_start) - (0x2 * CY_FLASH_ROW_SIZE)) / 0x2), CY_FLASH_ROW_SIZE))
                0x00000000                appl_start = (CY_APPL_NUM == 0x1)?appl1_start:appl2_start
                0x00000000                ecc_offset = ((appl_start / CY_FLASH_ROW_SIZE) * CY_ECC_ROW_SIZE)
                0x00000000                ee_offset = (CY_APPL_LOADABLE && ! (CY_EE_IN_BTLDR))?((CY_EE_SIZE / CY_APPL_MAX) * (CY_APPL_NUM - 0x1)):0x0
                0x00000800                ee_size = (CY_APPL_LOADABLE && ! (CY_EE_IN_BTLDR))?(CY_EE_SIZE / CY_APPL_MAX):CY_EE_SIZE
                [!provide]                PROVIDE (CY_ECC_OFFSET, ecc_offset)

.text           0x00000000     0x369c
 CREATE_OBJECT_SYMBOLS
                0x00000000                PROVIDE (__cy_interrupt_vector, RomVectors)
 *(.romvectors)
 .romvectors    0x00000000       0x10 .\CortexM3\ARM_GCC_541\Debug\Cm3Start.o
                0x00000000                RomVectors
                0x00000001                ASSERT ((. != __cy_interrupt_vector), No interrupt vector)
                0x00000001                ASSERT (CY_APPL_ORIGIN?(SIZEOF (.cybootloader) <= CY_APPL_ORIGIN):0x1, Wrong image location)
                0x00000010                PROVIDE (__cy_reset, Reset)
 *(.text.Reset)
 .text.Reset    0x00000010       0x18 .\CortexM3\ARM_GCC_541\Debug\Cm3Start.o
                0x00000010                Reset
                0x00000001                ASSERT ((. != __cy_reset), No reset code)
 *(.dma_init)
                0x00000001                ASSERT ((((appl_start + .) <= 0x10000) || 0x1), DMA Init must be within the first 64k of flash)
 *(.text .text.* .gnu.linkonce.t.*)
 .text          0x00000028       0x5c e:/programs/cypress/psoc creator/4.2/psoc creator/import/gnu/arm/5.4.1/bin/../lib/gcc/arm-none-eabi/5.4.1/armv7-m/crtbegin.o
 .text.main     0x00000084       0x44 .\CortexM3\ARM_GCC_541\Debug\main.o
                0x00000084                main
 .text.Falling_ISR_addr
                0x000000c8       0x64 .\CortexM3\ARM_GCC_541\Debug\UltrasonicSensor.o
                0x000000c8                Falling_ISR_addr
 .text.Init     0x0000012c       0x1c .\CortexM3\ARM_GCC_541\Debug\UltrasonicSensor.o
                0x0000012c                Init
 .text.ReadDist
                0x00000148       0x18 .\CortexM3\ARM_GCC_541\Debug\UltrasonicSensor.o
                0x00000148                ReadDist
 .text.CyClockStartupError
                0x00000160        0x4 .\CortexM3\ARM_GCC_541\Debug\cyfitter_cfg.o
 .text.cfg_write_bytes32
                0x00000164       0x34 .\CortexM3\ARM_GCC_541\Debug\cyfitter_cfg.o
 .text.AnalogSetDefault
                0x00000198       0x28 .\CortexM3\ARM_GCC_541\Debug\cyfitter_cfg.o
 .text.CYMEMZERO
                0x000001c0        0xc .\CortexM3\ARM_GCC_541\Debug\cyfitter_cfg.o
 .text.ClockSetup
                0x000001cc       0xc8 .\CortexM3\ARM_GCC_541\Debug\cyfitter_cfg.o
 .text.CYCONFIGCPY
                0x00000294        0x8 .\CortexM3\ARM_GCC_541\Debug\cyfitter_cfg.o
 .text.cyfitter_cfg
                0x0000029c      0x110 .\CortexM3\ARM_GCC_541\Debug\cyfitter_cfg.o
                0x0000029c                cyfitter_cfg
 .text.IntDefaultHandler
                0x000003ac       0x10 .\CortexM3\ARM_GCC_541\Debug\Cm3Start.o
                0x000003ac                IntDefaultHandler
 .text._sbrk    0x000003bc       0x30 .\CortexM3\ARM_GCC_541\Debug\Cm3Start.o
                0x000003bc                _sbrk
 .text.Start_c  0x000003ec       0x4c .\CortexM3\ARM_GCC_541\Debug\Cm3Start.o
                0x000003ec                Start_c
 .text.initialize_psoc
                0x00000438       0x68 .\CortexM3\ARM_GCC_541\Debug\Cm3Start.o
                0x00000438                initialize_psoc
 .text.CyHalt   0x000004a0        0x4 .\CortexM3\ARM_GCC_541\Debug\Test01.a(CyLib.o)
                0x000004a0                CyHalt
 .text.CyDelay  0x000004a4       0x2c .\CortexM3\ARM_GCC_541\Debug\Test01.a(CyLib.o)
                0x000004a4                CyDelay
 .text.CyDelayUs
                0x000004d0       0x14 .\CortexM3\ARM_GCC_541\Debug\Test01.a(CyLib.o)
                0x000004d0                CyDelayUs
 .text.Counter_1_Enable
                0x000004e4       0x28 .\CortexM3\ARM_GCC_541\Debug\Test01.a(Counter_1.o)
                0x000004e4                Counter_1_Enable
 .text.Counter_1_SetInterruptMode
                0x0000050c        0xc .\CortexM3\ARM_GCC_541\Debug\Test01.a(Counter_1.o)
                0x0000050c                Counter_1_SetInterruptMode
 .text.Counter_1_WriteCounter
                0x00000518       0x34 .\CortexM3\ARM_GCC_541\Debug\Test01.a(Counter_1.o)
                0x00000518                Counter_1_WriteCounter
 .text.Counter_1_ReadCounter
                0x0000054c       0x14 .\CortexM3\ARM_GCC_541\Debug\Test01.a(Counter_1.o)
                0x0000054c                Counter_1_ReadCounter
 .text.Counter_1_WritePeriod
                0x00000560        0xc .\CortexM3\ARM_GCC_541\Debug\Test01.a(Counter_1.o)
                0x00000560                Counter_1_WritePeriod
 .text.Counter_1_Init
                0x0000056c       0x74 .\CortexM3\ARM_GCC_541\Debug\Test01.a(Counter_1.o)
                0x0000056c                Counter_1_Init
 .text.Counter_1_Start
                0x000005e0       0x1c .\CortexM3\ARM_GCC_541\Debug\Test01.a(Counter_1.o)
                0x000005e0                Counter_1_Start
 .text.Counter_1_ReadPeriod
                0x000005fc        0xc .\CortexM3\ARM_GCC_541\Debug\Test01.a(Counter_1.o)
                0x000005fc                Counter_1_ReadPeriod
 .text.Falling_ISR_SetVector
                0x00000608        0xc .\CortexM3\ARM_GCC_541\Debug\Test01.a(Falling_ISR.o)
                0x00000608                Falling_ISR_SetVector
 .text.Falling_ISR_SetPriority
                0x00000614       0x10 .\CortexM3\ARM_GCC_541\Debug\Test01.a(Falling_ISR.o)
                0x00000614                Falling_ISR_SetPriority
 .text.Falling_ISR_Enable
                0x00000624        0xc .\CortexM3\ARM_GCC_541\Debug\Test01.a(Falling_ISR.o)
                0x00000624                Falling_ISR_Enable
 .text.Falling_ISR_Disable
                0x00000630        0xc .\CortexM3\ARM_GCC_541\Debug\Test01.a(Falling_ISR.o)
                0x00000630                Falling_ISR_Disable
 .text.Falling_ISR_StartEx
                0x0000063c       0x1c .\CortexM3\ARM_GCC_541\Debug\Test01.a(Falling_ISR.o)
                0x0000063c                Falling_ISR_StartEx
 .text.Echo_ClearInterrupt
                0x00000658       0x10 .\CortexM3\ARM_GCC_541\Debug\Test01.a(Echo.o)
                0x00000658                Echo_ClearInterrupt
 .text.Trig_Write
                0x00000668       0x18 .\CortexM3\ARM_GCC_541\Debug\Test01.a(Trig.o)
                0x00000668                Trig_Write
 .text.UART_1_Init
                0x00000680       0x28 .\CortexM3\ARM_GCC_541\Debug\Test01.a(UART_1.o)
                0x00000680                UART_1_Init
 .text.UART_1_Enable
                0x000006a8       0x3c .\CortexM3\ARM_GCC_541\Debug\Test01.a(UART_1.o)
                0x000006a8                UART_1_Enable
 .text.UART_1_Start
                0x000006e4       0x1c .\CortexM3\ARM_GCC_541\Debug\Test01.a(UART_1.o)
                0x000006e4                UART_1_Start
 .text.UART_1_PutChar
                0x00000700       0x18 .\CortexM3\ARM_GCC_541\Debug\Test01.a(UART_1.o)
                0x00000700                UART_1_PutChar
 .text.UART_1_PutString
                0x00000718       0x24 .\CortexM3\ARM_GCC_541\Debug\Test01.a(UART_1.o)
                0x00000718                UART_1_PutString
 .text.UART_1_IntClock_Start
                0x0000073c       0x1c .\CortexM3\ARM_GCC_541\Debug\Test01.a(UART_1_IntClock.o)
                0x0000073c                UART_1_IntClock_Start
 .text          0x00000758       0x20 .\CortexM3\ARM_GCC_541\Debug\Test01.a(CyBootAsmGnu.o)
                0x00000758                CyDelayCycles
                0x00000768                CyEnterCriticalSection
                0x00000770                CyExitCriticalSection
 .text          0x00000778      0x370 e:/programs/cypress/psoc creator/4.2/psoc creator/import/gnu/arm/5.4.1/bin/../lib/gcc/arm-none-eabi/5.4.1/armv7-m\libgcc.a(_arm_addsubdf3.o)
                0x00000778                __aeabi_drsub
                0x00000780                __aeabi_dsub
                0x00000780                __subdf3
                0x00000784                __aeabi_dadd
                0x00000784                __adddf3
                0x000009fc                __floatunsidf
                0x000009fc                __aeabi_ui2d
                0x00000a1c                __floatsidf
                0x00000a1c                __aeabi_i2d
                0x00000a40                __aeabi_f2d
                0x00000a40                __extendsfdf2
                0x00000a7c                __floatundidf
                0x00000a7c                __aeabi_ul2d
                0x00000a8c                __floatdidf
                0x00000a8c                __aeabi_l2d
 .text          0x00000ae8      0x424 e:/programs/cypress/psoc creator/4.2/psoc creator/import/gnu/arm/5.4.1/bin/../lib/gcc/arm-none-eabi/5.4.1/armv7-m\libgcc.a(_arm_muldivdf3.o)
                0x00000ae8                __aeabi_dmul
                0x00000ae8                __muldf3
                0x00000d3c                __divdf3
                0x00000d3c                __aeabi_ddiv
 .text          0x00000f0c       0xa0 e:/programs/cypress/psoc creator/4.2/psoc creator/import/gnu/arm/5.4.1/bin/../lib/gcc/arm-none-eabi/5.4.1/armv7-m\libgcc.a(_arm_truncdfsf2.o)
                0x00000f0c                __truncdfsf2
                0x00000f0c                __aeabi_d2f
 .text          0x00000fac      0x21c e:/programs/cypress/psoc creator/4.2/psoc creator/import/gnu/arm/5.4.1/bin/../lib/gcc/arm-none-eabi/5.4.1/armv7-m\libgcc.a(_arm_addsubsf3.o)
                0x00000fac                __aeabi_frsub
                0x00000fb4                __subsf3
                0x00000fb4                __aeabi_fsub
                0x00000fb8                __aeabi_fadd
                0x00000fb8                __addsf3
                0x00001118                __aeabi_ui2f
                0x00001118                __floatunsisf
                0x00001120                __aeabi_i2f
                0x00001120                __floatsisf
                0x0000113c                __aeabi_ul2f
                0x0000113c                __floatundisf
                0x0000114c                __aeabi_l2f
                0x0000114c                __floatdisf
 .text          0x000011c8      0x2a0 e:/programs/cypress/psoc creator/4.2/psoc creator/import/gnu/arm/5.4.1/bin/../lib/gcc/arm-none-eabi/5.4.1/armv7-m\libgcc.a(_arm_muldivsf3.o)
                0x000011c8                __mulsf3
                0x000011c8                __aeabi_fmul
                0x00001330                __aeabi_fdiv
                0x00001330                __divsf3
 .text.__errno  0x00001468        0xc e:/programs/cypress/psoc creator/4.2/psoc creator/import/gnu/arm/5.4.1/bin/../lib/gcc/arm-none-eabi/5.4.1/../../../../arm-none-eabi/lib/armv7-m\libg_nano.a(lib_a-errno.o)
                0x00001468                __errno
 .text.__libc_init_array
                0x00001474       0x4c e:/programs/cypress/psoc creator/4.2/psoc creator/import/gnu/arm/5.4.1/bin/../lib/gcc/arm-none-eabi/5.4.1/../../../../arm-none-eabi/lib/armv7-m\libg_nano.a(lib_a-init.o)
                0x00001474                __libc_init_array
 .text.memcpy   0x000014c0       0x16 e:/programs/cypress/psoc creator/4.2/psoc creator/import/gnu/arm/5.4.1/bin/../lib/gcc/arm-none-eabi/5.4.1/../../../../arm-none-eabi/lib/armv7-m\libg_nano.a(lib_a-memcpy-stub.o)
                0x000014c0                memcpy
 .text.memset   0x000014d6       0x10 e:/programs/cypress/psoc creator/4.2/psoc creator/import/gnu/arm/5.4.1/bin/../lib/gcc/arm-none-eabi/5.4.1/../../../../arm-none-eabi/lib/armv7-m\libg_nano.a(lib_a-memset.o)
                0x000014d6                memset
 .text.__cvt    0x000014e6       0xc0 e:/programs/cypress/psoc creator/4.2/psoc creator/import/gnu/arm/5.4.1/bin/../lib/gcc/arm-none-eabi/5.4.1/../../../../arm-none-eabi/lib/armv7-m\libg_nano.a(lib_a-nano-vfprintf_float.o)
                0x000014e6                __cvt
 .text.__exponent
                0x000015a6       0x62 e:/programs/cypress/psoc creator/4.2/psoc creator/import/gnu/arm/5.4.1/bin/../lib/gcc/arm-none-eabi/5.4.1/../../../../arm-none-eabi/lib/armv7-m\libg_nano.a(lib_a-nano-vfprintf_float.o)
                0x000015a6                __exponent
 .text._printf_float
                0x00001608      0x488 e:/programs/cypress/psoc creator/4.2/psoc creator/import/gnu/arm/5.4.1/bin/../lib/gcc/arm-none-eabi/5.4.1/../../../../arm-none-eabi/lib/armv7-m\libg_nano.a(lib_a-nano-vfprintf_float.o)
                0x00001608                _printf_float
 .text._printf_common
                0x00001a90       0xec e:/programs/cypress/psoc creator/4.2/psoc creator/import/gnu/arm/5.4.1/bin/../lib/gcc/arm-none-eabi/5.4.1/../../../../arm-none-eabi/lib/armv7-m\libg_nano.a(lib_a-nano-vfprintf_i.o)
                0x00001a90                _printf_common
 .text._printf_i
                0x00001b7c      0x24c e:/programs/cypress/psoc creator/4.2/psoc creator/import/gnu/arm/5.4.1/bin/../lib/gcc/arm-none-eabi/5.4.1/../../../../arm-none-eabi/lib/armv7-m\libg_nano.a(lib_a-nano-vfprintf_i.o)
                0x00001b7c                _printf_i
 .text.sprintf  0x00001dc8       0x48 e:/programs/cypress/psoc creator/4.2/psoc creator/import/gnu/arm/5.4.1/bin/../lib/gcc/arm-none-eabi/5.4.1/../../../../arm-none-eabi/lib/armv7-m\libg_nano.a(lib_a-sprintf.o)
                0x00001dc8                siprintf
                0x00001dc8                sprintf
 .text          0x00001e10       0x10 e:/programs/cypress/psoc creator/4.2/psoc creator/import/gnu/arm/5.4.1/bin/../lib/gcc/arm-none-eabi/5.4.1/../../../../arm-none-eabi/lib/armv7-m\libg_nano.a(lib_a-strlen.o)
                0x00001e10                strlen
 .text.quorem   0x00001e20      0x116 e:/programs/cypress/psoc creator/4.2/psoc creator/import/gnu/arm/5.4.1/bin/../lib/gcc/arm-none-eabi/5.4.1/../../../../arm-none-eabi/lib/armv7-m\libg_nano.a(lib_a-dtoa.o)
 *fill*         0x00001f36        0x2 
 .text._dtoa_r  0x00001f38      0xb30 e:/programs/cypress/psoc creator/4.2/psoc creator/import/gnu/arm/5.4.1/bin/../lib/gcc/arm-none-eabi/5.4.1/../../../../arm-none-eabi/lib/armv7-m\libg_nano.a(lib_a-dtoa.o)
                0x00001f38                _dtoa_r
 .text._localeconv_r
                0x00002a68        0x8 e:/programs/cypress/psoc creator/4.2/psoc creator/import/gnu/arm/5.4.1/bin/../lib/gcc/arm-none-eabi/5.4.1/../../../../arm-none-eabi/lib/armv7-m\libg_nano.a(lib_a-locale.o)
                0x00002a68                _localeconv_r
 .text.malloc   0x00002a70       0x10 e:/programs/cypress/psoc creator/4.2/psoc creator/import/gnu/arm/5.4.1/bin/../lib/gcc/arm-none-eabi/5.4.1/../../../../arm-none-eabi/lib/armv7-m\libg_nano.a(lib_a-malloc.o)
                0x00002a70                malloc
 .text.memchr   0x00002a80       0x1c e:/programs/cypress/psoc creator/4.2/psoc creator/import/gnu/arm/5.4.1/bin/../lib/gcc/arm-none-eabi/5.4.1/../../../../arm-none-eabi/lib/armv7-m\libg_nano.a(lib_a-memchr-stub.o)
                0x00002a80                memchr
 .text._Balloc  0x00002a9c       0x6a e:/programs/cypress/psoc creator/4.2/psoc creator/import/gnu/arm/5.4.1/bin/../lib/gcc/arm-none-eabi/5.4.1/../../../../arm-none-eabi/lib/armv7-m\libg_nano.a(lib_a-mprec.o)
                0x00002a9c                _Balloc
 .text._Bfree   0x00002b06       0x2e e:/programs/cypress/psoc creator/4.2/psoc creator/import/gnu/arm/5.4.1/bin/../lib/gcc/arm-none-eabi/5.4.1/../../../../arm-none-eabi/lib/armv7-m\libg_nano.a(lib_a-mprec.o)
                0x00002b06                _Bfree
 .text.__multadd
                0x00002b34       0x76 e:/programs/cypress/psoc creator/4.2/psoc creator/import/gnu/arm/5.4.1/bin/../lib/gcc/arm-none-eabi/5.4.1/../../../../arm-none-eabi/lib/armv7-m\libg_nano.a(lib_a-mprec.o)
                0x00002b34                __multadd
 .text.__hi0bits
                0x00002baa       0x40 e:/programs/cypress/psoc creator/4.2/psoc creator/import/gnu/arm/5.4.1/bin/../lib/gcc/arm-none-eabi/5.4.1/../../../../arm-none-eabi/lib/armv7-m\libg_nano.a(lib_a-mprec.o)
                0x00002baa                __hi0bits
 .text.__lo0bits
                0x00002bea       0x5a e:/programs/cypress/psoc creator/4.2/psoc creator/import/gnu/arm/5.4.1/bin/../lib/gcc/arm-none-eabi/5.4.1/../../../../arm-none-eabi/lib/armv7-m\libg_nano.a(lib_a-mprec.o)
                0x00002bea                __lo0bits
 .text.__i2b    0x00002c44       0x12 e:/programs/cypress/psoc creator/4.2/psoc creator/import/gnu/arm/5.4.1/bin/../lib/gcc/arm-none-eabi/5.4.1/../../../../arm-none-eabi/lib/armv7-m\libg_nano.a(lib_a-mprec.o)
                0x00002c44                __i2b
 .text.__multiply
                0x00002c56      0x120 e:/programs/cypress/psoc creator/4.2/psoc creator/import/gnu/arm/5.4.1/bin/../lib/gcc/arm-none-eabi/5.4.1/../../../../arm-none-eabi/lib/armv7-m\libg_nano.a(lib_a-mprec.o)
                0x00002c56                __multiply
 *fill*         0x00002d76        0x2 
 .text.__pow5mult
                0x00002d78       0x9c e:/programs/cypress/psoc creator/4.2/psoc creator/import/gnu/arm/5.4.1/bin/../lib/gcc/arm-none-eabi/5.4.1/../../../../arm-none-eabi/lib/armv7-m\libg_nano.a(lib_a-mprec.o)
                0x00002d78                __pow5mult
 .text.__lshift
                0x00002e14       0xa2 e:/programs/cypress/psoc creator/4.2/psoc creator/import/gnu/arm/5.4.1/bin/../lib/gcc/arm-none-eabi/5.4.1/../../../../arm-none-eabi/lib/armv7-m\libg_nano.a(lib_a-mprec.o)
                0x00002e14                __lshift
 .text.__mcmp   0x00002eb6       0x38 e:/programs/cypress/psoc creator/4.2/psoc creator/import/gnu/arm/5.4.1/bin/../lib/gcc/arm-none-eabi/5.4.1/../../../../arm-none-eabi/lib/armv7-m\libg_nano.a(lib_a-mprec.o)
                0x00002eb6                __mcmp
 .text.__mdiff  0x00002eee       0xbe e:/programs/cypress/psoc creator/4.2/psoc creator/import/gnu/arm/5.4.1/bin/../lib/gcc/arm-none-eabi/5.4.1/../../../../arm-none-eabi/lib/armv7-m\libg_nano.a(lib_a-mprec.o)
                0x00002eee                __mdiff
 .text.__d2b    0x00002fac       0x9c e:/programs/cypress/psoc creator/4.2/psoc creator/import/gnu/arm/5.4.1/bin/../lib/gcc/arm-none-eabi/5.4.1/../../../../arm-none-eabi/lib/armv7-m\libg_nano.a(lib_a-mprec.o)
                0x00002fac                __d2b
 .text._calloc_r
                0x00003048       0x1c e:/programs/cypress/psoc creator/4.2/psoc creator/import/gnu/arm/5.4.1/bin/../lib/gcc/arm-none-eabi/5.4.1/../../../../arm-none-eabi/lib/armv7-m\libg_nano.a(lib_a-nano-callocr.o)
                0x00003048                _calloc_r
 .text._free_r  0x00003064       0x98 e:/programs/cypress/psoc creator/4.2/psoc creator/import/gnu/arm/5.4.1/bin/../lib/gcc/arm-none-eabi/5.4.1/../../../../arm-none-eabi/lib/armv7-m\libg_nano.a(lib_a-nano-freer.o)
                0x00003064                _free_r
 .text._malloc_r
                0x000030fc       0xbc e:/programs/cypress/psoc creator/4.2/psoc creator/import/gnu/arm/5.4.1/bin/../lib/gcc/arm-none-eabi/5.4.1/../../../../arm-none-eabi/lib/armv7-m\libg_nano.a(lib_a-nano-mallocr.o)
                0x000030fc                _malloc_r
 .text.__ssputs_r
                0x000031b8       0xb2 e:/programs/cypress/psoc creator/4.2/psoc creator/import/gnu/arm/5.4.1/bin/../lib/gcc/arm-none-eabi/5.4.1/../../../../arm-none-eabi/lib/armv7-m\libg_nano.a(lib_a-nano-svfprintf.o)
                0x000031b8                __ssputs_r
 *fill*         0x0000326a        0x2 
 .text._svfprintf_r
                0x0000326c      0x1e8 e:/programs/cypress/psoc creator/4.2/psoc creator/import/gnu/arm/5.4.1/bin/../lib/gcc/arm-none-eabi/5.4.1/../../../../arm-none-eabi/lib/armv7-m\libg_nano.a(lib_a-nano-svfprintf.o)
                0x0000326c                _svfiprintf_r
                0x0000326c                _svfprintf_r
 .text._sbrk_r  0x00003454       0x20 e:/programs/cypress/psoc creator/4.2/psoc creator/import/gnu/arm/5.4.1/bin/../lib/gcc/arm-none-eabi/5.4.1/../../../../arm-none-eabi/lib/armv7-m\libg_nano.a(lib_a-sbrkr.o)
                0x00003454                _sbrk_r
 .text.memmove  0x00003474       0x36 e:/programs/cypress/psoc creator/4.2/psoc creator/import/gnu/arm/5.4.1/bin/../lib/gcc/arm-none-eabi/5.4.1/../../../../arm-none-eabi/lib/armv7-m\libg_nano.a(lib_a-memmove.o)
                0x00003474                memmove
 .text.__malloc_lock
                0x000034aa        0x2 e:/programs/cypress/psoc creator/4.2/psoc creator/import/gnu/arm/5.4.1/bin/../lib/gcc/arm-none-eabi/5.4.1/../../../../arm-none-eabi/lib/armv7-m\libg_nano.a(lib_a-mlock.o)
                0x000034aa                __malloc_lock
 .text.__malloc_unlock
                0x000034ac        0x2 e:/programs/cypress/psoc creator/4.2/psoc creator/import/gnu/arm/5.4.1/bin/../lib/gcc/arm-none-eabi/5.4.1/../../../../arm-none-eabi/lib/armv7-m\libg_nano.a(lib_a-mlock.o)
                0x000034ac                __malloc_unlock
 .text._realloc_r
                0x000034ae       0x4c e:/programs/cypress/psoc creator/4.2/psoc creator/import/gnu/arm/5.4.1/bin/../lib/gcc/arm-none-eabi/5.4.1/../../../../arm-none-eabi/lib/armv7-m\libg_nano.a(lib_a-nano-reallocr.o)
                0x000034ae                _realloc_r
 .text._malloc_usable_size_r
                0x000034fa       0x14 e:/programs/cypress/psoc creator/4.2/psoc creator/import/gnu/arm/5.4.1/bin/../lib/gcc/arm-none-eabi/5.4.1/../../../../arm-none-eabi/lib/armv7-m\libg_nano.a(lib_a-nano-msizer.o)
                0x000034fa                _malloc_usable_size_r
 *fill*         0x0000350e        0x2 
 .text          0x00003510      0x110 e:/programs/cypress/psoc creator/4.2/psoc creator/import/gnu/arm/5.4.1/bin/../lib/gcc/arm-none-eabi/5.4.1/armv7-m\libgcc.a(_arm_cmpdf2.o)
                0x00003510                __gtdf2
                0x00003510                __gedf2
                0x00003518                __ltdf2
                0x00003518                __ledf2
                0x00003520                __nedf2
                0x00003520                __eqdf2
                0x00003520                __cmpdf2
                0x0000359c                __aeabi_cdrcmple
                0x000035ac                __aeabi_cdcmpeq
                0x000035ac                __aeabi_cdcmple
                0x000035bc                __aeabi_dcmpeq
                0x000035d0                __aeabi_dcmplt
                0x000035e4                __aeabi_dcmple
                0x000035f8                __aeabi_dcmpge
                0x0000360c                __aeabi_dcmpgt
 .text          0x00003620       0x2c e:/programs/cypress/psoc creator/4.2/psoc creator/import/gnu/arm/5.4.1/bin/../lib/gcc/arm-none-eabi/5.4.1/armv7-m\libgcc.a(_arm_unorddf2.o)
                0x00003620                __unorddf2
                0x00003620                __aeabi_dcmpun
 .text          0x0000364c       0x50 e:/programs/cypress/psoc creator/4.2/psoc creator/import/gnu/arm/5.4.1/bin/../lib/gcc/arm-none-eabi/5.4.1/armv7-m\libgcc.a(_arm_fixdfsi.o)
                0x0000364c                __aeabi_d2iz
                0x0000364c                __fixdfsi
 *(.plt)
 *(.gnu.warning)
 *(.glue_7t)
 .glue_7t       0x0000369c        0x0 linker stubs
 *(.glue_7)
 .glue_7        0x0000369c        0x0 linker stubs
 *(.vfp11_veneer)
 .vfp11_veneer  0x0000369c        0x0 linker stubs
 *(.bootloader)
 *(.ARM.extab* .gnu.linkonce.armextab.*)
 *(.gcc_except_table)

.v4_bx          0x0000369c        0x0
 .v4_bx         0x0000369c        0x0 linker stubs

.iplt           0x0000369c        0x0
 .iplt          0x0000369c        0x0 e:/programs/cypress/psoc creator/4.2/psoc creator/import/gnu/arm/5.4.1/bin/../lib/gcc/arm-none-eabi/5.4.1/armv7-m/crtbegin.o

.eh_frame_hdr
 *(.eh_frame_hdr)

.eh_frame       0x0000369c        0x4
 *(.eh_frame)
 .eh_frame      0x0000369c        0x0 e:/programs/cypress/psoc creator/4.2/psoc creator/import/gnu/arm/5.4.1/bin/../lib/gcc/arm-none-eabi/5.4.1/armv7-m/crtbegin.o
 .eh_frame      0x0000369c        0x4 e:/programs/cypress/psoc creator/4.2/psoc creator/import/gnu/arm/5.4.1/bin/../lib/gcc/arm-none-eabi/5.4.1/armv7-m/crtend.o
                [!provide]                PROVIDE (__exidx_start, .)

.ARM.exidx
 *(.ARM.exidx* .gnu.linkonce.armexidx.*)
                0x000036a0                __exidx_end = .

.rodata         0x000036a0      0x1e0
 *(.rodata .rodata.* .gnu.linkonce.r.*)
 .rodata.str1.4
                0x000036a0       0x10 .\CortexM3\ARM_GCC_541\Debug\main.o
                                  0xd (size before relaxing)
 .rodata        0x000036b0       0x3a .\CortexM3\ARM_GCC_541\Debug\cyfitter_cfg.o
 .rodata.str1.1
                0x000036ea        0x2 e:/programs/cypress/psoc creator/4.2/psoc creator/import/gnu/arm/5.4.1/bin/../lib/gcc/arm-none-eabi/5.4.1/../../../../arm-none-eabi/lib/armv7-m\libg_nano.a(lib_a-impure.o)
 .rodata.str1.1
                0x000036ec       0x12 e:/programs/cypress/psoc creator/4.2/psoc creator/import/gnu/arm/5.4.1/bin/../lib/gcc/arm-none-eabi/5.4.1/../../../../arm-none-eabi/lib/armv7-m\libg_nano.a(lib_a-nano-vfprintf_float.o)
 .rodata.str1.1
                0x000036fe       0x22 e:/programs/cypress/psoc creator/4.2/psoc creator/import/gnu/arm/5.4.1/bin/../lib/gcc/arm-none-eabi/5.4.1/../../../../arm-none-eabi/lib/armv7-m\libg_nano.a(lib_a-nano-vfprintf_i.o)
 .rodata.str1.1
                0x00003720        0xd e:/programs/cypress/psoc creator/4.2/psoc creator/import/gnu/arm/5.4.1/bin/../lib/gcc/arm-none-eabi/5.4.1/../../../../arm-none-eabi/lib/armv7-m\libg_nano.a(lib_a-dtoa.o)
                                  0xf (size before relaxing)
 .rodata.str1.1
                0x0000372d        0x8 e:/programs/cypress/psoc creator/4.2/psoc creator/import/gnu/arm/5.4.1/bin/../lib/gcc/arm-none-eabi/5.4.1/../../../../arm-none-eabi/lib/armv7-m\libg_nano.a(lib_a-locale.o)
                                  0xb (size before relaxing)
 *fill*         0x00003735        0x3 
 .rodata.__mprec_tens
                0x00003738       0xc8 e:/programs/cypress/psoc creator/4.2/psoc creator/import/gnu/arm/5.4.1/bin/../lib/gcc/arm-none-eabi/5.4.1/../../../../arm-none-eabi/lib/armv7-m\libg_nano.a(lib_a-mprec.o)
                0x00003738                __mprec_tens
 .rodata.p05.5408
                0x00003800        0xc e:/programs/cypress/psoc creator/4.2/psoc creator/import/gnu/arm/5.4.1/bin/../lib/gcc/arm-none-eabi/5.4.1/../../../../arm-none-eabi/lib/armv7-m\libg_nano.a(lib_a-mprec.o)
 *fill*         0x0000380c        0x4 
 .rodata.__mprec_bigtens
                0x00003810       0x28 e:/programs/cypress/psoc creator/4.2/psoc creator/import/gnu/arm/5.4.1/bin/../lib/gcc/arm-none-eabi/5.4.1/../../../../arm-none-eabi/lib/armv7-m\libg_nano.a(lib_a-mprec.o)
                0x00003810                __mprec_bigtens
 .rodata.str1.1
                0x00003838       0x11 e:/programs/cypress/psoc creator/4.2/psoc creator/import/gnu/arm/5.4.1/bin/../lib/gcc/arm-none-eabi/5.4.1/../../../../arm-none-eabi/lib/armv7-m\libg_nano.a(lib_a-nano-svfprintf.o)
                0x0000384c                . = ALIGN (0x4)
 *fill*         0x00003849        0x3 
 *(.init)
 .init          0x0000384c        0x4 e:/programs/cypress/psoc creator/4.2/psoc creator/import/gnu/arm/5.4.1/bin/../lib/gcc/arm-none-eabi/5.4.1/armv7-m/crti.o
                0x0000384c                _init
 .init          0x00003850        0x8 e:/programs/cypress/psoc creator/4.2/psoc creator/import/gnu/arm/5.4.1/bin/../lib/gcc/arm-none-eabi/5.4.1/armv7-m/crtn.o
                0x00003858                . = ALIGN (0x4)
                0x00003858                __preinit_array_start = .
 *(.preinit_array)
                0x00003858                __preinit_array_end = .
                0x00003858                . = ALIGN (0x4)
                0x00003858                __init_array_start = .
 *(SORT(.init_array.*))
 *(.init_array)
 .init_array    0x00003858        0x4 e:/programs/cypress/psoc creator/4.2/psoc creator/import/gnu/arm/5.4.1/bin/../lib/gcc/arm-none-eabi/5.4.1/armv7-m/crtbegin.o
 .init_array    0x0000385c        0x4 .\CortexM3\ARM_GCC_541\Debug\Cm3Start.o
                0x00003860                __init_array_end = .
                0x00003860                . = ALIGN (0x4)
 *(.fini)
 .fini          0x00003860        0x4 e:/programs/cypress/psoc creator/4.2/psoc creator/import/gnu/arm/5.4.1/bin/../lib/gcc/arm-none-eabi/5.4.1/armv7-m/crti.o
                0x00003860                _fini
 .fini          0x00003864        0x8 e:/programs/cypress/psoc creator/4.2/psoc creator/import/gnu/arm/5.4.1/bin/../lib/gcc/arm-none-eabi/5.4.1/armv7-m/crtn.o
                0x0000386c                . = ALIGN (0x4)
                0x0000386c                __fini_array_start = .
 *(.fini_array)
 .fini_array    0x0000386c        0x4 e:/programs/cypress/psoc creator/4.2/psoc creator/import/gnu/arm/5.4.1/bin/../lib/gcc/arm-none-eabi/5.4.1/armv7-m/crtbegin.o
 *(SORT(.fini_array.*))
                0x00003870                __fini_array_end = .
                0x00003870                . = ALIGN (0x4)
 *crtbegin.o(.ctors)
 *(EXCLUDE_FILE(*crtend.o) .ctors)
 *(SORT(.ctors.*))
 *crtend.o(.ctors)
                0x00003870                . = ALIGN (0x4)
 *crtbegin.o(.dtors)
 *(EXCLUDE_FILE(*crtend.o) .dtors)
 *(SORT(.dtors.*))
 *crtend.o(.dtors)
                0x00003870                . = ALIGN (0x4)
                0x00003870                __cy_regions = .
                0x00003870        0x4 LONG 0x3880 __cy_region_init_ram
                0x00003874        0x4 LONG 0x1fff80c8 __cy_region_start_data
                0x00003878        0x4 LONG 0xc0 __cy_region_init_size_ram
                0x0000387c        0x4 LONG 0x430 __cy_region_zero_size_ram
                0x00003880                __cy_regions_end = .
                0x00003880                . = ALIGN (0x8)
                0x00003880                _etext = .

.cy_checksum_exclude
                0x00003880        0x0
 *(.cy_checksum_exclude)

.ramvectors     0x1fff8000       0xc0
                0x1fff8000                __cy_region_start_ram = .
 *(.ramvectors)
 .ramvectors    0x1fff8000       0xc0 .\CortexM3\ARM_GCC_541\Debug\Cm3Start.o
                0x1fff8000                CyRamVectors

.noinit         0x1fff80c0        0x1
 *(.noinit)
 .noinit        0x1fff80c0        0x1 .\CortexM3\ARM_GCC_541\Debug\Test01.a(CyLib.o)
                0x1fff80c0                CyResetStatus

.data           0x1fff80c8       0xc0 load address 0x00003880
                0x1fff80c8                __cy_region_start_data = .
 *(.jcr)
 .jcr           0x1fff80c8        0x0 e:/programs/cypress/psoc creator/4.2/psoc creator/import/gnu/arm/5.4.1/bin/../lib/gcc/arm-none-eabi/5.4.1/armv7-m/crtbegin.o
 .jcr           0x1fff80c8        0x4 e:/programs/cypress/psoc creator/4.2/psoc creator/import/gnu/arm/5.4.1/bin/../lib/gcc/arm-none-eabi/5.4.1/armv7-m/crtend.o
 *(.got.plt)
 *(.got)
 *(.shdata)
 *(.data .data.* .gnu.linkonce.d.*)
 .data          0x1fff80cc        0xc .\CortexM3\ARM_GCC_541\Debug\UltrasonicSensor.o
                0x1fff80cc                Ultrasonic
 .data          0x1fff80d8        0x4 .\CortexM3\ARM_GCC_541\Debug\Cm3Start.o
 .data          0x1fff80dc       0x10 .\CortexM3\ARM_GCC_541\Debug\Test01.a(CyLib.o)
                0x1fff80dc                cydelay_32k_ms
                0x1fff80e0                cydelay_freq_khz
                0x1fff80e4                cydelay_freq_mhz
                0x1fff80e8                cydelay_freq_hz
 .data.impure_data
                0x1fff80ec       0x60 e:/programs/cypress/psoc creator/4.2/psoc creator/import/gnu/arm/5.4.1/bin/../lib/gcc/arm-none-eabi/5.4.1/../../../../arm-none-eabi/lib/armv7-m\libg_nano.a(lib_a-impure.o)
 .data._impure_ptr
                0x1fff814c        0x4 e:/programs/cypress/psoc creator/4.2/psoc creator/import/gnu/arm/5.4.1/bin/../lib/gcc/arm-none-eabi/5.4.1/../../../../arm-none-eabi/lib/armv7-m\libg_nano.a(lib_a-impure.o)
                0x1fff814c                _impure_ptr
 .data.lconv    0x1fff8150       0x38 e:/programs/cypress/psoc creator/4.2/psoc creator/import/gnu/arm/5.4.1/bin/../lib/gcc/arm-none-eabi/5.4.1/../../../../arm-none-eabi/lib/armv7-m\libg_nano.a(lib_a-locale.o)
                0x1fff8188                . = ALIGN (0x8)
 *(.ram)
                0x1fff8188                _edata = .

.igot.plt       0x1fff8188        0x0 load address 0x00003940
 .igot.plt      0x1fff8188        0x0 e:/programs/cypress/psoc creator/4.2/psoc creator/import/gnu/arm/5.4.1/bin/../lib/gcc/arm-none-eabi/5.4.1/armv7-m/crtbegin.o

.bss            0x1fff8188      0x430 load address 0x00003940
                0x1fff8188                PROVIDE (__bss_start__, .)
 *(.shbss)
 *(.bss .bss.* .gnu.linkonce.b.*)
 .bss           0x1fff8188       0x1c e:/programs/cypress/psoc creator/4.2/psoc creator/import/gnu/arm/5.4.1/bin/../lib/gcc/arm-none-eabi/5.4.1/armv7-m/crtbegin.o
 .bss           0x1fff81a4        0x1 .\CortexM3\ARM_GCC_541\Debug\Test01.a(Counter_1.o)
                0x1fff81a4                Counter_1_initVar
 .bss           0x1fff81a5        0x2 .\CortexM3\ARM_GCC_541\Debug\Test01.a(UART_1.o)
                0x1fff81a5                UART_1_initVar
 *fill*         0x1fff81a7        0x1 
 .bss.__malloc_sbrk_start
                0x1fff81a8        0x4 e:/programs/cypress/psoc creator/4.2/psoc creator/import/gnu/arm/5.4.1/bin/../lib/gcc/arm-none-eabi/5.4.1/../../../../arm-none-eabi/lib/armv7-m\libg_nano.a(lib_a-nano-mallocr.o)
                0x1fff81a8                __malloc_sbrk_start
 .bss.__malloc_free_list
                0x1fff81ac        0x4 e:/programs/cypress/psoc creator/4.2/psoc creator/import/gnu/arm/5.4.1/bin/../lib/gcc/arm-none-eabi/5.4.1/../../../../arm-none-eabi/lib/armv7-m\libg_nano.a(lib_a-nano-mallocr.o)
                0x1fff81ac                __malloc_free_list
 *(COMMON)
 COMMON         0x1fff81b0      0x400 .\CortexM3\ARM_GCC_541\Debug\main.o
                0x1fff81b0                buffer
 COMMON         0x1fff85b0        0x4 e:/programs/cypress/psoc creator/4.2/psoc creator/import/gnu/arm/5.4.1/bin/../lib/gcc/arm-none-eabi/5.4.1/../../../../arm-none-eabi/lib/armv7-m\libg_nano.a(lib_a-reent.o)
                0x1fff85b0                errno
                0x1fff85b8                . = ALIGN (0x8)
 *fill*         0x1fff85b4        0x4 
 *(.ram.b)
                0x1fff85b8                _end = .
                0x1fff85b8                __end = .
                0x1fff85b8                PROVIDE (end, .)
                0x1fff85b8                PROVIDE (__bss_end__, .)
                0x00003880                __cy_region_init_ram = LOADADDR (.data)
                0x000000c0                __cy_region_init_size_ram = (_edata - ADDR (.data))
                0x00000430                __cy_region_zero_size_ram = (_end - _edata)

.heap           0x1fff85b8      0x200 load address 0x00003940
                0x1fff85b8                . = _end
                0x1fff87b8                . = (. + 0x200)
 *fill*         0x1fff85b8      0x200 
                0x1fff87b8                __cy_heap_limit = .

.stack          0x20007800      0x800
                0x20007800                __cy_stack_limit = .
                0x20008000                . = (. + 0x800)
 *fill*         0x20007800      0x800 
                0x00000001                ASSERT ((__cy_stack_limit >= __cy_heap_limit), region RAM overflowed with stack)
                0x00000000                cy_checksum_exclude_size = (CY_APPL_LOADABLE == 0x1)?SIZEOF (.cy_checksum_exclude):0x0
                0x00000001                ASSERT ((cy_checksum_exclude_size <= CY_CHECKSUM_EXCLUDE_SIZE), CY_BOOT: Section .cy_checksum_exclude size exceedes specified limit.)

.cyloadermeta
 *(.cyloadermeta)

.cyloadablemeta
 *(.cyloadablemeta)

.cyconfigecc    0x80000000      0x434
 *(.cyconfigecc)
 .cyconfigecc   0x80000000      0x434 .\CortexM3\ARM_GCC_541\Debug\cymetadata.o
                0x80000000                cy_meta_configecc

.cycustnvl      0x90000000        0x4
 *(.cycustnvl)
 .cycustnvl     0x90000000        0x4 .\CortexM3\ARM_GCC_541\Debug\cymetadata.o
                0x90000000                cy_meta_custnvl

.cywolatch      0x90100000        0x4
 *(.cywolatch)
 .cywolatch     0x90100000        0x4 .\CortexM3\ARM_GCC_541\Debug\cymetadata.o
                0x90100000                cy_meta_wonvl

.cyeeprom       0x90200000        0x0
 *(.cyeeprom)
                0x00000001                ASSERT ((. <= ((0x90200000 + ee_offset) + ee_size)), .cyeeprom data will not fit in EEPROM)

.cyflashprotect
                0x90400000      0x100
 *(.cyflashprotect)
 .cyflashprotect
                0x90400000      0x100 .\CortexM3\ARM_GCC_541\Debug\cymetadata.o
                0x90400000                cy_meta_flashprotect

.cymeta         0x90500000        0xc
 *(.cymeta)
 .cymeta        0x90500000        0xc .\CortexM3\ARM_GCC_541\Debug\cymetadata.o
                0x90500000                cy_metadata

.rel.dyn        0x00003940        0x0 load address 0x9050000c
 .rel.iplt      0x00003940        0x0 e:/programs/cypress/psoc creator/4.2/psoc creator/import/gnu/arm/5.4.1/bin/../lib/gcc/arm-none-eabi/5.4.1/armv7-m/crtbegin.o

.stab
 *(.stab)

.stabstr
 *(.stabstr)

.debug
 *(.debug)

.line
 *(.line)

.debug_srcinfo
 *(.debug_srcinfo)

.debug_sfnames
 *(.debug_sfnames)

.debug_aranges  0x00000000      0x848
 *(.debug_aranges)
 .debug_aranges
                0x00000000       0x20 .\CortexM3\ARM_GCC_541\Debug\main.o
 .debug_aranges
                0x00000020       0x30 .\CortexM3\ARM_GCC_541\Debug\UltrasonicSensor.o
 .debug_aranges
                0x00000050       0x58 .\CortexM3\ARM_GCC_541\Debug\cyfitter_cfg.o
 .debug_aranges
                0x000000a8       0x18 .\CortexM3\ARM_GCC_541\Debug\cymetadata.o
 .debug_aranges
                0x000000c0       0x48 .\CortexM3\ARM_GCC_541\Debug\Cm3Start.o
 .debug_aranges
                0x00000108      0x2a0 .\CortexM3\ARM_GCC_541\Debug\Test01.a(CyLib.o)
 .debug_aranges
                0x000003a8       0x98 .\CortexM3\ARM_GCC_541\Debug\Test01.a(cyPm.o)
 .debug_aranges
                0x00000440       0x80 .\CortexM3\ARM_GCC_541\Debug\Test01.a(Counter_1.o)
 .debug_aranges
                0x000004c0       0x80 .\CortexM3\ARM_GCC_541\Debug\Test01.a(Falling_ISR.o)
 .debug_aranges
                0x00000540       0x48 .\CortexM3\ARM_GCC_541\Debug\Test01.a(Echo.o)
 .debug_aranges
                0x00000588       0x38 .\CortexM3\ARM_GCC_541\Debug\Test01.a(Trig.o)
 .debug_aranges
                0x000005c0       0xf0 .\CortexM3\ARM_GCC_541\Debug\Test01.a(UART_1.o)
 .debug_aranges
                0x000006b0       0x70 .\CortexM3\ARM_GCC_541\Debug\Test01.a(UART_1_IntClock.o)
 .debug_aranges
                0x00000720       0x20 .\CortexM3\ARM_GCC_541\Debug\Test01.a(CyBootAsmGnu.o)
 .debug_aranges
                0x00000740       0x88 .\CortexM3\ARM_GCC_541\Debug\Test01.a(CyFlash.o)
 .debug_aranges
                0x000007c8       0x80 .\CortexM3\ARM_GCC_541\Debug\Test01.a(CySpc.o)

.debug_pubnames
 *(.debug_pubnames)

.debug_info     0x00000000     0x48ec
 *(.debug_info .gnu.linkonce.wi.*)
 .debug_info    0x00000000      0x1ab .\CortexM3\ARM_GCC_541\Debug\main.o
 .debug_info    0x000001ab      0x22e .\CortexM3\ARM_GCC_541\Debug\UltrasonicSensor.o
 .debug_info    0x000003d9      0x594 .\CortexM3\ARM_GCC_541\Debug\cyfitter_cfg.o
 .debug_info    0x0000096d      0x135 .\CortexM3\ARM_GCC_541\Debug\cymetadata.o
 .debug_info    0x00000aa2      0x3bb .\CortexM3\ARM_GCC_541\Debug\Cm3Start.o
 .debug_info    0x00000e5d     0x1374 .\CortexM3\ARM_GCC_541\Debug\Test01.a(CyLib.o)
 .debug_info    0x000021d1      0xa2a .\CortexM3\ARM_GCC_541\Debug\Test01.a(cyPm.o)
 .debug_info    0x00002bfb      0x28d .\CortexM3\ARM_GCC_541\Debug\Test01.a(Counter_1.o)
 .debug_info    0x00002e88      0x2d2 .\CortexM3\ARM_GCC_541\Debug\Test01.a(Falling_ISR.o)
 .debug_info    0x0000315a      0x172 .\CortexM3\ARM_GCC_541\Debug\Test01.a(Echo.o)
 .debug_info    0x000032cc      0x11f .\CortexM3\ARM_GCC_541\Debug\Test01.a(Trig.o)
 .debug_info    0x000033eb      0x60c .\CortexM3\ARM_GCC_541\Debug\Test01.a(UART_1.o)
 .debug_info    0x000039f7      0x283 .\CortexM3\ARM_GCC_541\Debug\Test01.a(UART_1_IntClock.o)
 .debug_info    0x00003c7a       0xd5 .\CortexM3\ARM_GCC_541\Debug\Test01.a(CyBootAsmGnu.o)
 .debug_info    0x00003d4f      0x64d .\CortexM3\ARM_GCC_541\Debug\Test01.a(CyFlash.o)
 .debug_info    0x0000439c      0x550 .\CortexM3\ARM_GCC_541\Debug\Test01.a(CySpc.o)

.debug_abbrev   0x00000000     0x143c
 *(.debug_abbrev)
 .debug_abbrev  0x00000000      0x110 .\CortexM3\ARM_GCC_541\Debug\main.o
 .debug_abbrev  0x00000110      0x111 .\CortexM3\ARM_GCC_541\Debug\UltrasonicSensor.o
 .debug_abbrev  0x00000221      0x20d .\CortexM3\ARM_GCC_541\Debug\cyfitter_cfg.o
 .debug_abbrev  0x0000042e       0x66 .\CortexM3\ARM_GCC_541\Debug\cymetadata.o
 .debug_abbrev  0x00000494      0x1e8 .\CortexM3\ARM_GCC_541\Debug\Cm3Start.o
 .debug_abbrev  0x0000067c      0x254 .\CortexM3\ARM_GCC_541\Debug\Test01.a(CyLib.o)
 .debug_abbrev  0x000008d0      0x1ab .\CortexM3\ARM_GCC_541\Debug\Test01.a(cyPm.o)
 .debug_abbrev  0x00000a7b      0x122 .\CortexM3\ARM_GCC_541\Debug\Test01.a(Counter_1.o)
 .debug_abbrev  0x00000b9d      0x173 .\CortexM3\ARM_GCC_541\Debug\Test01.a(Falling_ISR.o)
 .debug_abbrev  0x00000d10       0x9f .\CortexM3\ARM_GCC_541\Debug\Test01.a(Echo.o)
 .debug_abbrev  0x00000daf       0x90 .\CortexM3\ARM_GCC_541\Debug\Test01.a(Trig.o)
 .debug_abbrev  0x00000e3f      0x175 .\CortexM3\ARM_GCC_541\Debug\Test01.a(UART_1.o)
 .debug_abbrev  0x00000fb4      0x139 .\CortexM3\ARM_GCC_541\Debug\Test01.a(UART_1_IntClock.o)
 .debug_abbrev  0x000010ed       0x14 .\CortexM3\ARM_GCC_541\Debug\Test01.a(CyBootAsmGnu.o)
 .debug_abbrev  0x00001101      0x1a7 .\CortexM3\ARM_GCC_541\Debug\Test01.a(CyFlash.o)
 .debug_abbrev  0x000012a8      0x194 .\CortexM3\ARM_GCC_541\Debug\Test01.a(CySpc.o)

.debug_line     0x00000000     0x2183
 *(.debug_line)
 .debug_line    0x00000000      0x200 .\CortexM3\ARM_GCC_541\Debug\main.o
 .debug_line    0x00000200      0x1db .\CortexM3\ARM_GCC_541\Debug\UltrasonicSensor.o
 .debug_line    0x000003db      0x1ea .\CortexM3\ARM_GCC_541\Debug\cyfitter_cfg.o
 .debug_line    0x000005c5      0x12b .\CortexM3\ARM_GCC_541\Debug\cymetadata.o
 .debug_line    0x000006f0      0x21e .\CortexM3\ARM_GCC_541\Debug\Cm3Start.o
 .debug_line    0x0000090e      0x816 .\CortexM3\ARM_GCC_541\Debug\Test01.a(CyLib.o)
 .debug_line    0x00001124      0x367 .\CortexM3\ARM_GCC_541\Debug\Test01.a(cyPm.o)
 .debug_line    0x0000148b      0x15c .\CortexM3\ARM_GCC_541\Debug\Test01.a(Counter_1.o)
 .debug_line    0x000015e7      0x138 .\CortexM3\ARM_GCC_541\Debug\Test01.a(Falling_ISR.o)
 .debug_line    0x0000171f       0xb5 .\CortexM3\ARM_GCC_541\Debug\Test01.a(Echo.o)
 .debug_line    0x000017d4       0x91 .\CortexM3\ARM_GCC_541\Debug\Test01.a(Trig.o)
 .debug_line    0x00001865      0x2c0 .\CortexM3\ARM_GCC_541\Debug\Test01.a(UART_1.o)
 .debug_line    0x00001b25      0x17e .\CortexM3\ARM_GCC_541\Debug\Test01.a(UART_1_IntClock.o)
 .debug_line    0x00001ca3       0x66 .\CortexM3\ARM_GCC_541\Debug\Test01.a(CyBootAsmGnu.o)
 .debug_line    0x00001d09      0x21a .\CortexM3\ARM_GCC_541\Debug\Test01.a(CyFlash.o)
 .debug_line    0x00001f23      0x260 .\CortexM3\ARM_GCC_541\Debug\Test01.a(CySpc.o)

.debug_frame    0x00000000     0x1c8c
 *(.debug_frame)
 .debug_frame   0x00000000       0x2c .\CortexM3\ARM_GCC_541\Debug\main.o
 .debug_frame   0x0000002c       0x64 .\CortexM3\ARM_GCC_541\Debug\UltrasonicSensor.o
 .debug_frame   0x00000090       0xe4 .\CortexM3\ARM_GCC_541\Debug\cyfitter_cfg.o
 .debug_frame   0x00000174       0xb8 .\CortexM3\ARM_GCC_541\Debug\Cm3Start.o
 .debug_frame   0x0000022c      0x738 .\CortexM3\ARM_GCC_541\Debug\Test01.a(CyLib.o)
 .debug_frame   0x00000964      0x1f8 .\CortexM3\ARM_GCC_541\Debug\Test01.a(cyPm.o)
 .debug_frame   0x00000b5c      0x104 .\CortexM3\ARM_GCC_541\Debug\Test01.a(Counter_1.o)
 .debug_frame   0x00000c60      0x104 .\CortexM3\ARM_GCC_541\Debug\Test01.a(Falling_ISR.o)
 .debug_frame   0x00000d64       0x70 .\CortexM3\ARM_GCC_541\Debug\Test01.a(Echo.o)
 .debug_frame   0x00000dd4       0x50 .\CortexM3\ARM_GCC_541\Debug\Test01.a(Trig.o)
 .debug_frame   0x00000e24      0x250 .\CortexM3\ARM_GCC_541\Debug\Test01.a(UART_1.o)
 .debug_frame   0x00001074       0xe0 .\CortexM3\ARM_GCC_541\Debug\Test01.a(UART_1_IntClock.o)
 .debug_frame   0x00001154      0x194 .\CortexM3\ARM_GCC_541\Debug\Test01.a(CyFlash.o)
 .debug_frame   0x000012e8      0x180 .\CortexM3\ARM_GCC_541\Debug\Test01.a(CySpc.o)
 .debug_frame   0x00001468       0x20 e:/programs/cypress/psoc creator/4.2/psoc creator/import/gnu/arm/5.4.1/bin/../lib/gcc/arm-none-eabi/5.4.1/../../../../arm-none-eabi/lib/armv7-m\libg_nano.a(lib_a-errno.o)
 .debug_frame   0x00001488       0x28 e:/programs/cypress/psoc creator/4.2/psoc creator/import/gnu/arm/5.4.1/bin/../lib/gcc/arm-none-eabi/5.4.1/../../../../arm-none-eabi/lib/armv7-m\libg_nano.a(lib_a-exit.o)
 .debug_frame   0x000014b0       0x2c e:/programs/cypress/psoc creator/4.2/psoc creator/import/gnu/arm/5.4.1/bin/../lib/gcc/arm-none-eabi/5.4.1/../../../../arm-none-eabi/lib/armv7-m\libg_nano.a(lib_a-init.o)
 .debug_frame   0x000014dc       0x28 e:/programs/cypress/psoc creator/4.2/psoc creator/import/gnu/arm/5.4.1/bin/../lib/gcc/arm-none-eabi/5.4.1/../../../../arm-none-eabi/lib/armv7-m\libg_nano.a(lib_a-memcpy-stub.o)
 .debug_frame   0x00001504       0x20 e:/programs/cypress/psoc creator/4.2/psoc creator/import/gnu/arm/5.4.1/bin/../lib/gcc/arm-none-eabi/5.4.1/../../../../arm-none-eabi/lib/armv7-m\libg_nano.a(lib_a-memset.o)
 .debug_frame   0x00001524       0x8c e:/programs/cypress/psoc creator/4.2/psoc creator/import/gnu/arm/5.4.1/bin/../lib/gcc/arm-none-eabi/5.4.1/../../../../arm-none-eabi/lib/armv7-m\libg_nano.a(lib_a-nano-vfprintf_float.o)
 .debug_frame   0x000015b0       0x60 e:/programs/cypress/psoc creator/4.2/psoc creator/import/gnu/arm/5.4.1/bin/../lib/gcc/arm-none-eabi/5.4.1/../../../../arm-none-eabi/lib/armv7-m\libg_nano.a(lib_a-nano-vfprintf_i.o)
 .debug_frame   0x00001610       0x70 e:/programs/cypress/psoc creator/4.2/psoc creator/import/gnu/arm/5.4.1/bin/../lib/gcc/arm-none-eabi/5.4.1/../../../../arm-none-eabi/lib/armv7-m\libg_nano.a(lib_a-sprintf.o)
 .debug_frame   0x00001680       0x6c e:/programs/cypress/psoc creator/4.2/psoc creator/import/gnu/arm/5.4.1/bin/../lib/gcc/arm-none-eabi/5.4.1/../../../../arm-none-eabi/lib/armv7-m\libg_nano.a(lib_a-dtoa.o)
 .debug_frame   0x000016ec       0x98 e:/programs/cypress/psoc creator/4.2/psoc creator/import/gnu/arm/5.4.1/bin/../lib/gcc/arm-none-eabi/5.4.1/../../../../arm-none-eabi/lib/armv7-m\libg_nano.a(lib_a-locale.o)
 .debug_frame   0x00001784       0x30 e:/programs/cypress/psoc creator/4.2/psoc creator/import/gnu/arm/5.4.1/bin/../lib/gcc/arm-none-eabi/5.4.1/../../../../arm-none-eabi/lib/armv7-m\libg_nano.a(lib_a-malloc.o)
 .debug_frame   0x000017b4       0x28 e:/programs/cypress/psoc creator/4.2/psoc creator/import/gnu/arm/5.4.1/bin/../lib/gcc/arm-none-eabi/5.4.1/../../../../arm-none-eabi/lib/armv7-m\libg_nano.a(lib_a-memchr-stub.o)
 .debug_frame   0x000017dc      0x234 e:/programs/cypress/psoc creator/4.2/psoc creator/import/gnu/arm/5.4.1/bin/../lib/gcc/arm-none-eabi/5.4.1/../../../../arm-none-eabi/lib/armv7-m\libg_nano.a(lib_a-mprec.o)
 .debug_frame   0x00001a10       0x2c e:/programs/cypress/psoc creator/4.2/psoc creator/import/gnu/arm/5.4.1/bin/../lib/gcc/arm-none-eabi/5.4.1/../../../../arm-none-eabi/lib/armv7-m\libg_nano.a(lib_a-nano-callocr.o)
 .debug_frame   0x00001a3c       0x38 e:/programs/cypress/psoc creator/4.2/psoc creator/import/gnu/arm/5.4.1/bin/../lib/gcc/arm-none-eabi/5.4.1/../../../../arm-none-eabi/lib/armv7-m\libg_nano.a(lib_a-nano-freer.o)
 .debug_frame   0x00001a74       0x2c e:/programs/cypress/psoc creator/4.2/psoc creator/import/gnu/arm/5.4.1/bin/../lib/gcc/arm-none-eabi/5.4.1/../../../../arm-none-eabi/lib/armv7-m\libg_nano.a(lib_a-nano-mallocr.o)
 .debug_frame   0x00001aa0       0x90 e:/programs/cypress/psoc creator/4.2/psoc creator/import/gnu/arm/5.4.1/bin/../lib/gcc/arm-none-eabi/5.4.1/../../../../arm-none-eabi/lib/armv7-m\libg_nano.a(lib_a-nano-svfprintf.o)
 .debug_frame   0x00001b30       0x2c e:/programs/cypress/psoc creator/4.2/psoc creator/import/gnu/arm/5.4.1/bin/../lib/gcc/arm-none-eabi/5.4.1/../../../../arm-none-eabi/lib/armv7-m\libg_nano.a(lib_a-sbrkr.o)
 .debug_frame   0x00001b5c       0x20 e:/programs/cypress/psoc creator/4.2/psoc creator/import/gnu/arm/5.4.1/bin/../lib/gcc/arm-none-eabi/5.4.1/../../../../arm-none-eabi/lib/armv7-m\libg_nano.a(lib_a-strcmp.o)
 .debug_frame   0x00001b7c       0x28 e:/programs/cypress/psoc creator/4.2/psoc creator/import/gnu/arm/5.4.1/bin/../lib/gcc/arm-none-eabi/5.4.1/../../../../arm-none-eabi/lib/armv7-m\libg_nano.a(lib_a-memmove.o)
 .debug_frame   0x00001ba4       0x30 e:/programs/cypress/psoc creator/4.2/psoc creator/import/gnu/arm/5.4.1/bin/../lib/gcc/arm-none-eabi/5.4.1/../../../../arm-none-eabi/lib/armv7-m\libg_nano.a(lib_a-mlock.o)
 .debug_frame   0x00001bd4       0x3c e:/programs/cypress/psoc creator/4.2/psoc creator/import/gnu/arm/5.4.1/bin/../lib/gcc/arm-none-eabi/5.4.1/../../../../arm-none-eabi/lib/armv7-m\libg_nano.a(lib_a-nano-reallocr.o)
 .debug_frame   0x00001c10       0x5c e:/programs/cypress/psoc creator/4.2/psoc creator/import/gnu/arm/5.4.1/bin/../lib/gcc/arm-none-eabi/5.4.1/../../../../arm-none-eabi/lib/armv7-m\libg_nano.a(lib_a-reent.o)
 .debug_frame   0x00001c6c       0x20 e:/programs/cypress/psoc creator/4.2/psoc creator/import/gnu/arm/5.4.1/bin/../lib/gcc/arm-none-eabi/5.4.1/../../../../arm-none-eabi/lib/armv7-m\libg_nano.a(lib_a-nano-msizer.o)

.debug_str      0x00000000     0x1bce
 *(.debug_str)
 .debug_str     0x00000000      0x1f2 .\CortexM3\ARM_GCC_541\Debug\main.o
                                0x23f (size before relaxing)
 .debug_str     0x000001f2       0xcd .\CortexM3\ARM_GCC_541\Debug\UltrasonicSensor.o
                                0x2d4 (size before relaxing)
 .debug_str     0x000002bf      0x1bc .\CortexM3\ARM_GCC_541\Debug\cyfitter_cfg.o
                                0x389 (size before relaxing)
 .debug_str     0x0000047b       0x7f .\CortexM3\ARM_GCC_541\Debug\cymetadata.o
                                0x229 (size before relaxing)
 .debug_str     0x000004fa      0x144 .\CortexM3\ARM_GCC_541\Debug\Cm3Start.o
                                0x34f (size before relaxing)
 .debug_str     0x0000063e      0x842 .\CortexM3\ARM_GCC_541\Debug\Test01.a(CyLib.o)
                                0xa8c (size before relaxing)
 .debug_str     0x00000e80      0x365 .\CortexM3\ARM_GCC_541\Debug\Test01.a(cyPm.o)
                                0x778 (size before relaxing)
 .debug_str     0x000011e5      0x142 .\CortexM3\ARM_GCC_541\Debug\Test01.a(Counter_1.o)
                                0x35c (size before relaxing)
 .debug_str     0x00001327      0x126 .\CortexM3\ARM_GCC_541\Debug\Test01.a(Falling_ISR.o)
                                0x33f (size before relaxing)
 .debug_str     0x0000144d       0x80 .\CortexM3\ARM_GCC_541\Debug\Test01.a(Echo.o)
                                0x25c (size before relaxing)
 .debug_str     0x000014cd       0x4b .\CortexM3\ARM_GCC_541\Debug\Test01.a(Trig.o)
                                0x222 (size before relaxing)
 .debug_str     0x00001518      0x2bf .\CortexM3\ARM_GCC_541\Debug\Test01.a(UART_1.o)
                                0x4f8 (size before relaxing)
 .debug_str     0x000017d7      0x197 .\CortexM3\ARM_GCC_541\Debug\Test01.a(UART_1_IntClock.o)
                                0x393 (size before relaxing)
 .debug_str     0x0000196e      0x1b4 .\CortexM3\ARM_GCC_541\Debug\Test01.a(CyFlash.o)
                                0x405 (size before relaxing)
 .debug_str     0x00001b22       0xac .\CortexM3\ARM_GCC_541\Debug\Test01.a(CySpc.o)
                                0x37d (size before relaxing)

.debug_loc      0x00000000     0x1f0f
 *(.debug_loc)
 .debug_loc     0x00000000       0x26 .\CortexM3\ARM_GCC_541\Debug\UltrasonicSensor.o
 .debug_loc     0x00000026      0x259 .\CortexM3\ARM_GCC_541\Debug\cyfitter_cfg.o
 .debug_loc     0x0000027f      0x144 .\CortexM3\ARM_GCC_541\Debug\Cm3Start.o
 .debug_loc     0x000003c3      0xa11 .\CortexM3\ARM_GCC_541\Debug\Test01.a(CyLib.o)
 .debug_loc     0x00000dd4      0x1e4 .\CortexM3\ARM_GCC_541\Debug\Test01.a(cyPm.o)
 .debug_loc     0x00000fb8       0x21 .\CortexM3\ARM_GCC_541\Debug\Test01.a(Counter_1.o)
 .debug_loc     0x00000fd9       0x56 .\CortexM3\ARM_GCC_541\Debug\Test01.a(Falling_ISR.o)
 .debug_loc     0x0000102f       0x63 .\CortexM3\ARM_GCC_541\Debug\Test01.a(Echo.o)
 .debug_loc     0x00001092       0x42 .\CortexM3\ARM_GCC_541\Debug\Test01.a(Trig.o)
 .debug_loc     0x000010d4      0x258 .\CortexM3\ARM_GCC_541\Debug\Test01.a(UART_1.o)
 .debug_loc     0x0000132c      0x12c .\CortexM3\ARM_GCC_541\Debug\Test01.a(UART_1_IntClock.o)
 .debug_loc     0x00001458      0x3b2 .\CortexM3\ARM_GCC_541\Debug\Test01.a(CyFlash.o)
 .debug_loc     0x0000180a      0x705 .\CortexM3\ARM_GCC_541\Debug\Test01.a(CySpc.o)

.debug_macinfo
 *(.debug_macinfo)

.debug_ranges   0x00000000      0x730
 *(.debug_ranges)
 .debug_ranges  0x00000000       0x10 .\CortexM3\ARM_GCC_541\Debug\main.o
 .debug_ranges  0x00000010       0x20 .\CortexM3\ARM_GCC_541\Debug\UltrasonicSensor.o
 .debug_ranges  0x00000030       0x48 .\CortexM3\ARM_GCC_541\Debug\cyfitter_cfg.o
 .debug_ranges  0x00000078       0x38 .\CortexM3\ARM_GCC_541\Debug\Cm3Start.o
 .debug_ranges  0x000000b0      0x290 .\CortexM3\ARM_GCC_541\Debug\Test01.a(CyLib.o)
 .debug_ranges  0x00000340       0x88 .\CortexM3\ARM_GCC_541\Debug\Test01.a(cyPm.o)
 .debug_ranges  0x000003c8       0x70 .\CortexM3\ARM_GCC_541\Debug\Test01.a(Counter_1.o)
 .debug_ranges  0x00000438       0x70 .\CortexM3\ARM_GCC_541\Debug\Test01.a(Falling_ISR.o)
 .debug_ranges  0x000004a8       0x38 .\CortexM3\ARM_GCC_541\Debug\Test01.a(Echo.o)
 .debug_ranges  0x000004e0       0x28 .\CortexM3\ARM_GCC_541\Debug\Test01.a(Trig.o)
 .debug_ranges  0x00000508       0xe0 .\CortexM3\ARM_GCC_541\Debug\Test01.a(UART_1.o)
 .debug_ranges  0x000005e8       0x60 .\CortexM3\ARM_GCC_541\Debug\Test01.a(UART_1_IntClock.o)
 .debug_ranges  0x00000648       0x78 .\CortexM3\ARM_GCC_541\Debug\Test01.a(CyFlash.o)
 .debug_ranges  0x000006c0       0x70 .\CortexM3\ARM_GCC_541\Debug\Test01.a(CySpc.o)

.comment        0x00000000       0x6e
 .comment       0x00000000       0x6e .\CortexM3\ARM_GCC_541\Debug\main.o
                                 0x6f (size before relaxing)
 .comment       0x0000006e       0x6f .\CortexM3\ARM_GCC_541\Debug\UltrasonicSensor.o
 .comment       0x0000006e       0x6f .\CortexM3\ARM_GCC_541\Debug\cyfitter_cfg.o
 .comment       0x0000006e       0x6f .\CortexM3\ARM_GCC_541\Debug\cymetadata.o
 .comment       0x0000006e       0x6f .\CortexM3\ARM_GCC_541\Debug\Cm3Start.o
 .comment       0x0000006e       0x6f .\CortexM3\ARM_GCC_541\Debug\Test01.a(CyLib.o)
 .comment       0x0000006e       0x6f .\CortexM3\ARM_GCC_541\Debug\Test01.a(cyPm.o)
 .comment       0x0000006e       0x6f .\CortexM3\ARM_GCC_541\Debug\Test01.a(Counter_1.o)
 .comment       0x0000006e       0x6f .\CortexM3\ARM_GCC_541\Debug\Test01.a(Falling_ISR.o)
 .comment       0x0000006e       0x6f .\CortexM3\ARM_GCC_541\Debug\Test01.a(Echo.o)
 .comment       0x0000006e       0x6f .\CortexM3\ARM_GCC_541\Debug\Test01.a(Trig.o)
 .comment       0x0000006e       0x6f .\CortexM3\ARM_GCC_541\Debug\Test01.a(UART_1.o)
 .comment       0x0000006e       0x6f .\CortexM3\ARM_GCC_541\Debug\Test01.a(UART_1_IntClock.o)
 .comment       0x0000006e       0x6f .\CortexM3\ARM_GCC_541\Debug\Test01.a(CyFlash.o)
 .comment       0x0000006e       0x6f .\CortexM3\ARM_GCC_541\Debug\Test01.a(CySpc.o)

.debug_weaknames
 *(.debug_weaknames)

.debug_funcnames
 *(.debug_funcnames)

.debug_typenames
 *(.debug_typenames)

.debug_varnames
 *(.debug_varnames)

.note.gnu.arm.ident
 *(.note.gnu.arm.ident)

.ARM.attributes
                0x00000000       0x29
 *(.ARM.attributes)
 .ARM.attributes
                0x00000000       0x1d e:/programs/cypress/psoc creator/4.2/psoc creator/import/gnu/arm/5.4.1/bin/../lib/gcc/arm-none-eabi/5.4.1/armv7-m/crti.o
 .ARM.attributes
                0x0000001d       0x2d e:/programs/cypress/psoc creator/4.2/psoc creator/import/gnu/arm/5.4.1/bin/../lib/gcc/arm-none-eabi/5.4.1/armv7-m/crtbegin.o
 .ARM.attributes
                0x0000004a       0x1b e:/programs/cypress/psoc creator/4.2/psoc creator/import/gnu/arm/5.4.1/bin/../lib/gcc/arm-none-eabi/5.4.1/../../../../arm-none-eabi/lib/armv7-m/crt0.o
 .ARM.attributes
                0x00000065       0x33 .\CortexM3\ARM_GCC_541\Debug\main.o
 .ARM.attributes
                0x00000098       0x33 .\CortexM3\ARM_GCC_541\Debug\UltrasonicSensor.o
 .ARM.attributes
                0x000000cb       0x33 .\CortexM3\ARM_GCC_541\Debug\cyfitter_cfg.o
 .ARM.attributes
                0x000000fe       0x33 .\CortexM3\ARM_GCC_541\Debug\cymetadata.o
 .ARM.attributes
                0x00000131       0x33 .\CortexM3\ARM_GCC_541\Debug\Cm3Start.o
 .ARM.attributes
                0x00000164       0x33 .\CortexM3\ARM_GCC_541\Debug\Test01.a(CyLib.o)
 .ARM.attributes
                0x00000197       0x33 .\CortexM3\ARM_GCC_541\Debug\Test01.a(cyPm.o)
 .ARM.attributes
                0x000001ca       0x33 .\CortexM3\ARM_GCC_541\Debug\Test01.a(Counter_1.o)
 .ARM.attributes
                0x000001fd       0x33 .\CortexM3\ARM_GCC_541\Debug\Test01.a(Falling_ISR.o)
 .ARM.attributes
                0x00000230       0x33 .\CortexM3\ARM_GCC_541\Debug\Test01.a(Echo.o)
 .ARM.attributes
                0x00000263       0x33 .\CortexM3\ARM_GCC_541\Debug\Test01.a(Trig.o)
 .ARM.attributes
                0x00000296       0x33 .\CortexM3\ARM_GCC_541\Debug\Test01.a(UART_1.o)
 .ARM.attributes
                0x000002c9       0x33 .\CortexM3\ARM_GCC_541\Debug\Test01.a(UART_1_IntClock.o)
 .ARM.attributes
                0x000002fc       0x21 .\CortexM3\ARM_GCC_541\Debug\Test01.a(CyBootAsmGnu.o)
 .ARM.attributes
                0x0000031d       0x33 .\CortexM3\ARM_GCC_541\Debug\Test01.a(CyFlash.o)
 .ARM.attributes
                0x00000350       0x33 .\CortexM3\ARM_GCC_541\Debug\Test01.a(CySpc.o)
 .ARM.attributes
                0x00000383       0x1d e:/programs/cypress/psoc creator/4.2/psoc creator/import/gnu/arm/5.4.1/bin/../lib/gcc/arm-none-eabi/5.4.1/armv7-m\libgcc.a(_arm_addsubdf3.o)
 .ARM.attributes
                0x000003a0       0x1d e:/programs/cypress/psoc creator/4.2/psoc creator/import/gnu/arm/5.4.1/bin/../lib/gcc/arm-none-eabi/5.4.1/armv7-m\libgcc.a(_arm_muldivdf3.o)
 .ARM.attributes
                0x000003bd       0x1d e:/programs/cypress/psoc creator/4.2/psoc creator/import/gnu/arm/5.4.1/bin/../lib/gcc/arm-none-eabi/5.4.1/armv7-m\libgcc.a(_arm_truncdfsf2.o)
 .ARM.attributes
                0x000003da       0x1d e:/programs/cypress/psoc creator/4.2/psoc creator/import/gnu/arm/5.4.1/bin/../lib/gcc/arm-none-eabi/5.4.1/armv7-m\libgcc.a(_arm_addsubsf3.o)
 .ARM.attributes
                0x000003f7       0x1d e:/programs/cypress/psoc creator/4.2/psoc creator/import/gnu/arm/5.4.1/bin/../lib/gcc/arm-none-eabi/5.4.1/armv7-m\libgcc.a(_arm_muldivsf3.o)
 .ARM.attributes
                0x00000414       0x2d e:/programs/cypress/psoc creator/4.2/psoc creator/import/gnu/arm/5.4.1/bin/../lib/gcc/arm-none-eabi/5.4.1/../../../../arm-none-eabi/lib/armv7-m\libg_nano.a(lib_a-errno.o)
 .ARM.attributes
                0x00000441       0x2d e:/programs/cypress/psoc creator/4.2/psoc creator/import/gnu/arm/5.4.1/bin/../lib/gcc/arm-none-eabi/5.4.1/../../../../arm-none-eabi/lib/armv7-m\libg_nano.a(lib_a-exit.o)
 .ARM.attributes
                0x0000046e       0x2d e:/programs/cypress/psoc creator/4.2/psoc creator/import/gnu/arm/5.4.1/bin/../lib/gcc/arm-none-eabi/5.4.1/../../../../arm-none-eabi/lib/armv7-m\libg_nano.a(lib_a-impure.o)
 .ARM.attributes
                0x0000049b       0x2d e:/programs/cypress/psoc creator/4.2/psoc creator/import/gnu/arm/5.4.1/bin/../lib/gcc/arm-none-eabi/5.4.1/../../../../arm-none-eabi/lib/armv7-m\libg_nano.a(lib_a-init.o)
 .ARM.attributes
                0x000004c8       0x2d e:/programs/cypress/psoc creator/4.2/psoc creator/import/gnu/arm/5.4.1/bin/../lib/gcc/arm-none-eabi/5.4.1/../../../../arm-none-eabi/lib/armv7-m\libg_nano.a(lib_a-memcpy-stub.o)
 .ARM.attributes
                0x000004f5       0x2d e:/programs/cypress/psoc creator/4.2/psoc creator/import/gnu/arm/5.4.1/bin/../lib/gcc/arm-none-eabi/5.4.1/../../../../arm-none-eabi/lib/armv7-m\libg_nano.a(lib_a-memset.o)
 .ARM.attributes
                0x00000522       0x2d e:/programs/cypress/psoc creator/4.2/psoc creator/import/gnu/arm/5.4.1/bin/../lib/gcc/arm-none-eabi/5.4.1/../../../../arm-none-eabi/lib/armv7-m\libg_nano.a(lib_a-nano-vfprintf_float.o)
 .ARM.attributes
                0x0000054f       0x2d e:/programs/cypress/psoc creator/4.2/psoc creator/import/gnu/arm/5.4.1/bin/../lib/gcc/arm-none-eabi/5.4.1/../../../../arm-none-eabi/lib/armv7-m\libg_nano.a(lib_a-nano-vfprintf_i.o)
 .ARM.attributes
                0x0000057c       0x2d e:/programs/cypress/psoc creator/4.2/psoc creator/import/gnu/arm/5.4.1/bin/../lib/gcc/arm-none-eabi/5.4.1/../../../../arm-none-eabi/lib/armv7-m\libg_nano.a(lib_a-sprintf.o)
 .ARM.attributes
                0x000005a9       0x17 e:/programs/cypress/psoc creator/4.2/psoc creator/import/gnu/arm/5.4.1/bin/../lib/gcc/arm-none-eabi/5.4.1/../../../../arm-none-eabi/lib/armv7-m\libg_nano.a(lib_a-strlen.o)
 .ARM.attributes
                0x000005c0       0x2d e:/programs/cypress/psoc creator/4.2/psoc creator/import/gnu/arm/5.4.1/bin/../lib/gcc/arm-none-eabi/5.4.1/../../../../arm-none-eabi/lib/armv7-m\libg_nano.a(lib_a-dtoa.o)
 .ARM.attributes
                0x000005ed       0x2d e:/programs/cypress/psoc creator/4.2/psoc creator/import/gnu/arm/5.4.1/bin/../lib/gcc/arm-none-eabi/5.4.1/../../../../arm-none-eabi/lib/armv7-m\libg_nano.a(lib_a-locale.o)
 .ARM.attributes
                0x0000061a       0x2d e:/programs/cypress/psoc creator/4.2/psoc creator/import/gnu/arm/5.4.1/bin/../lib/gcc/arm-none-eabi/5.4.1/../../../../arm-none-eabi/lib/armv7-m\libg_nano.a(lib_a-malloc.o)
 .ARM.attributes
                0x00000647       0x2d e:/programs/cypress/psoc creator/4.2/psoc creator/import/gnu/arm/5.4.1/bin/../lib/gcc/arm-none-eabi/5.4.1/../../../../arm-none-eabi/lib/armv7-m\libg_nano.a(lib_a-memchr-stub.o)
 .ARM.attributes
                0x00000674       0x2d e:/programs/cypress/psoc creator/4.2/psoc creator/import/gnu/arm/5.4.1/bin/../lib/gcc/arm-none-eabi/5.4.1/../../../../arm-none-eabi/lib/armv7-m\libg_nano.a(lib_a-mprec.o)
 .ARM.attributes
                0x000006a1       0x2d e:/programs/cypress/psoc creator/4.2/psoc creator/import/gnu/arm/5.4.1/bin/../lib/gcc/arm-none-eabi/5.4.1/../../../../arm-none-eabi/lib/armv7-m\libg_nano.a(lib_a-nano-callocr.o)
 .ARM.attributes
                0x000006ce       0x2d e:/programs/cypress/psoc creator/4.2/psoc creator/import/gnu/arm/5.4.1/bin/../lib/gcc/arm-none-eabi/5.4.1/../../../../arm-none-eabi/lib/armv7-m\libg_nano.a(lib_a-nano-freer.o)
 .ARM.attributes
                0x000006fb       0x2d e:/programs/cypress/psoc creator/4.2/psoc creator/import/gnu/arm/5.4.1/bin/../lib/gcc/arm-none-eabi/5.4.1/../../../../arm-none-eabi/lib/armv7-m\libg_nano.a(lib_a-nano-mallocr.o)
 .ARM.attributes
                0x00000728       0x2d e:/programs/cypress/psoc creator/4.2/psoc creator/import/gnu/arm/5.4.1/bin/../lib/gcc/arm-none-eabi/5.4.1/../../../../arm-none-eabi/lib/armv7-m\libg_nano.a(lib_a-nano-svfprintf.o)
 .ARM.attributes
                0x00000755       0x2d e:/programs/cypress/psoc creator/4.2/psoc creator/import/gnu/arm/5.4.1/bin/../lib/gcc/arm-none-eabi/5.4.1/../../../../arm-none-eabi/lib/armv7-m\libg_nano.a(lib_a-sbrkr.o)
 .ARM.attributes
                0x00000782       0x1b e:/programs/cypress/psoc creator/4.2/psoc creator/import/gnu/arm/5.4.1/bin/../lib/gcc/arm-none-eabi/5.4.1/../../../../arm-none-eabi/lib/armv7-m\libg_nano.a(lib_a-strcmp.o)
 .ARM.attributes
                0x0000079d       0x2d e:/programs/cypress/psoc creator/4.2/psoc creator/import/gnu/arm/5.4.1/bin/../lib/gcc/arm-none-eabi/5.4.1/../../../../arm-none-eabi/lib/armv7-m\libg_nano.a(lib_a-memmove.o)
 .ARM.attributes
                0x000007ca       0x2d e:/programs/cypress/psoc creator/4.2/psoc creator/import/gnu/arm/5.4.1/bin/../lib/gcc/arm-none-eabi/5.4.1/../../../../arm-none-eabi/lib/armv7-m\libg_nano.a(lib_a-mlock.o)
 .ARM.attributes
                0x000007f7       0x2d e:/programs/cypress/psoc creator/4.2/psoc creator/import/gnu/arm/5.4.1/bin/../lib/gcc/arm-none-eabi/5.4.1/../../../../arm-none-eabi/lib/armv7-m\libg_nano.a(lib_a-nano-reallocr.o)
 .ARM.attributes
                0x00000824       0x2d e:/programs/cypress/psoc creator/4.2/psoc creator/import/gnu/arm/5.4.1/bin/../lib/gcc/arm-none-eabi/5.4.1/../../../../arm-none-eabi/lib/armv7-m\libg_nano.a(lib_a-reent.o)
 .ARM.attributes
                0x00000851       0x2d e:/programs/cypress/psoc creator/4.2/psoc creator/import/gnu/arm/5.4.1/bin/../lib/gcc/arm-none-eabi/5.4.1/../../../../arm-none-eabi/lib/armv7-m\libg_nano.a(lib_a-nano-msizer.o)
 .ARM.attributes
                0x0000087e       0x1d e:/programs/cypress/psoc creator/4.2/psoc creator/import/gnu/arm/5.4.1/bin/../lib/gcc/arm-none-eabi/5.4.1/armv7-m\libgcc.a(_arm_cmpdf2.o)
 .ARM.attributes
                0x0000089b       0x1d e:/programs/cypress/psoc creator/4.2/psoc creator/import/gnu/arm/5.4.1/bin/../lib/gcc/arm-none-eabi/5.4.1/armv7-m\libgcc.a(_arm_unorddf2.o)
 .ARM.attributes
                0x000008b8       0x1d e:/programs/cypress/psoc creator/4.2/psoc creator/import/gnu/arm/5.4.1/bin/../lib/gcc/arm-none-eabi/5.4.1/armv7-m\libgcc.a(_arm_fixdfsi.o)
 .ARM.attributes
                0x000008d5       0x2d e:/programs/cypress/psoc creator/4.2/psoc creator/import/gnu/arm/5.4.1/bin/../lib/gcc/arm-none-eabi/5.4.1/armv7-m/crtend.o
 .ARM.attributes
                0x00000902       0x1d e:/programs/cypress/psoc creator/4.2/psoc creator/import/gnu/arm/5.4.1/bin/../lib/gcc/arm-none-eabi/5.4.1/armv7-m/crtn.o

/DISCARD/
 *(.note.GNU-stack)
OUTPUT(E:\User folders\Documents\GitHub\Pandekage-tastrofe\Moduler\Uimplementeret moduler\UltralydsSensor\Modultest\UltralydTest\Test01.cydsn\CortexM3\ARM_GCC_541\Debug\Test01.elf elf32-littlearm)
